#-----------------------------------------------------------
# Vivado v2025.1 (64-bit)
# SW Build 6140274 on Thu May 22 00:12:29 MDT 2025
# IP Build 6138677 on Thu May 22 03:10:11 MDT 2025
# SharedData Build 6139179 on Tue May 20 17:58:58 MDT 2025
# Start of session at: Tue Jul 15 14:23:00 2025
# Process ID         : 21344
# Current directory  : c:/Users/j48s677/Desktop/vivado_stuff/SEM/SEM/sem_0_ex/sem_0_ex.runs/impl_1
# Command line       : vivado.exe -log sem_0_sem_example.vdi -applog -product Vivado -messageDb vivado.pb -mode batch -source sem_0_sem_example.tcl -notrace
# Log file           : c:/Users/j48s677/Desktop/vivado_stuff/SEM/SEM/sem_0_ex/sem_0_ex.runs/impl_1/sem_0_sem_example.vdi
# Journal file       : c:/Users/j48s677/Desktop/vivado_stuff/SEM/SEM/sem_0_ex/sem_0_ex.runs/impl_1\vivado.jou
# Running On         : BZ-ECE-BL-LAB01
# Platform           : Windows Server 2016 or Windows 10
# Operating System   : 26100
# Processor Detail   : Intel(R) Core(TM) i9-14900K
# CPU Frequency      : 3187 MHz
# CPU Physical cores : 24
# CPU Logical cores  : 32
# Host memory        : 66205 MB
# Swap memory        : 66571 MB
# Total Virtual      : 132777 MB
# Available Virtual  : 114361 MB
#-----------------------------------------------------------
source sem_0_sem_example.tcl -notrace
